I: Using Apktool 2.7.0-dirty on com.schibsted.bomnegocio.androidApp.apk
I: Loading resource table...
I: Sparse type flags detected: bool
I: Sparse type flags detected: color
I: Sparse type flags detected: color
I: Sparse type flags detected: color
I: Sparse type flags detected: dimen
I: Sparse type flags detected: dimen
I: Sparse type flags detected: dimen
I: Sparse type flags detected: dimen
I: Sparse type flags detected: dimen
I: Sparse type flags detected: dimen
I: Sparse type flags detected: dimen
I: Sparse type flags detected: dimen
I: Sparse type flags detected: dimen
I: Sparse type flags detected: dimen
I: Sparse type flags detected: dimen
I: Sparse type flags detected: dimen
I: Sparse type flags detected: dimen
I: Sparse type flags detected: dimen
I: Sparse type flags detected: dimen
I: Sparse type flags detected: dimen
I: Sparse type flags detected: dimen
I: Sparse type flags detected: drawable
I: Sparse type flags detected: drawable
I: Sparse type flags detected: drawable
I: Sparse type flags detected: drawable
I: Sparse type flags detected: drawable
I: Sparse type flags detected: drawable
I: Sparse type flags detected: drawable
I: Sparse type flags detected: font
I: Sparse type flags detected: integer
I: Sparse type flags detected: integer
I: Sparse type flags detected: integer
I: Sparse type flags detected: integer
I: Sparse type flags detected: layout
I: Sparse type flags detected: layout
I: Sparse type flags detected: layout
I: Sparse type flags detected: menu
I: Sparse type flags detected: style
I: Sparse type flags detected: style
I: Sparse type flags detected: style
I: Sparse type flags detected: style
I: Sparse type flags detected: style
I: Sparse type flags detected: style
I: Sparse type flags detected: style
I: Decoding AndroidManifest.xml with resources...
I: Loading resource table from file: /home/altave/.local/share/apktool/framework/1.apk
I: Regular manifest package...
I: Decoding file-resources...
I: Decoding values */* XMLs...
I: Baksmaling classes.dex...
I: Baksmaling classes2.dex...
I: Baksmaling classes3.dex...
I: Baksmaling classes4.dex...
I: Baksmaling classes5.dex...
I: Baksmaling classes6.dex...
I: Baksmaling assets/audience_network.dex...
I: Copying assets and libs...
I: Copying unknown files...
I: Copying original files...
I: Copying META-INF/services directory
